LTspice 24.1.10 for Windows
Circuit: D:\AUC\Uni\Fall 25\Microelectronics\Project\Saif and adham\CMOS 0.5\Matched_Design_Propagation_0.5.cir
Start Time: Fri Dec 12 04:09:36 2025
solver = Normal
Maximum thread count: 8
tnom = 27
temp = 27
method = trap
Model "pmos0p5": Oxide thickness thinner than recommended for a level 1 MOSFET.
Instance "Mpmos": Length shorter than recommended for a level 1 MOSFET.
Instance "Mpmos": Width narrower than recommended for a level 1 MOSFET.
Model "nmos0p5": Oxide thickness thinner than recommended for a level 1 MOSFET.
Instance "Mnmos": Length shorter than recommended for a level 1 MOSFET.
Instance "Mnmos": Width narrower than recommended for a level 1 MOSFET.
Direct Newton iteration for .op point succeeded.
Total elapsed time: 0.046 seconds.

Files loaded:
D:\AUC\Uni\Fall 25\Microelectronics\Project\Saif and adham\CMOS 0.5\Matched_Design_Propagation_0.5.cir
D:\AUC\Uni\Fall 25\Microelectronics\Project\Saif and adham\CMOS 0.18\MOSFET_models_0p5_0p18-3.inc

tphl=6.36489731719e-10 FROM 5.00000015232e-13 TO 6.36989731734e-10
tplh=5.63234362481e-10 FROM 5.00149999999e-09 TO 5.56473436247e-09
tp: '(TpHL+TpLH)/2'=5.998620471e-10
