LTspice 24.1.10 for Windows
Circuit: D:\AUC\Uni\Fall 25\Microelectronics\Project\Saif and adham\CMOS 0.5\MinimumArea_Design_Propagation_0.5.cir
Start Time: Fri Dec 12 04:19:45 2025
solver = Normal
Maximum thread count: 8
tnom = 27
temp = 27
method = trap
Model "pmos0p5": Oxide thickness thinner than recommended for a level 1 MOSFET.
Instance "Mpmos": Length shorter than recommended for a level 1 MOSFET.
Instance "Mpmos": Width narrower than recommended for a level 1 MOSFET.
Model "nmos0p5": Oxide thickness thinner than recommended for a level 1 MOSFET.
Instance "Mnmos": Length shorter than recommended for a level 1 MOSFET.
Instance "Mnmos": Width narrower than recommended for a level 1 MOSFET.
Direct Newton iteration for .op point succeeded.
Total elapsed time: 0.044 seconds.

Files loaded:
D:\AUC\Uni\Fall 25\Microelectronics\Project\Saif and adham\CMOS 0.5\MinimumArea_Design_Propagation_0.5.cir
D:\AUC\Uni\Fall 25\Microelectronics\Project\Saif and adham\CMOS 0.18\MOSFET_models_0p5_0p18-3.inc

tphl=6.26283346999e-10 FROM 4.99999987792e-13 TO 6.26783346987e-10
tplh=1.27410247716e-09 FROM 5.00149999999e-09 TO 6.27560247715e-09
tp: '(TpHL+TpLH)/2'=9.5019291208e-10
